Ee8v\BɡKʴqfs8eA~3a}'p@` :b~
Zٸ]xMbT\0P\%Ht}/2=ΈksH^
]ݮN~ cɕRBʠ.nqPt$PE3Z68ΤE&Ŕչvr_OrWU
1ڿGx8	ja=u*r@z\M-Tz ȟ&bixt4c/7lKߡ9 ҳܗ0VZXUyMzJI+ 3s_,,^sL /틕m4*uVpW=އc?\ KH1#}勬8+vW:@WraBک9.NӾܗӑNAJ2Tp^M~iM&z%?G^tѽ)Ne)cuH3jXUe"AA+Wy~AS-f@_d/K,U\0Q\ج\|qvOo^cF6n:nf2(aGF3Ykǝx,^ICș&$114bG2~/h[-